     1                                  ; assemble: nasm -f -l *dest-name* *src-name*
     2                                  ; link ld -m elf_i386 -s -o hello hello.o
     3                                  
     4                                  
     5                                  	SECTION .data		; data section
     6 00000000 48656C6C6F20576F72-     msg:	db "Hello World",10	; the string to print, 10=cr
     7 00000009 6C640A             
     8                                  len:	equ $-msg		; $ means "here"
     9                                  				; len is a value, not an address
    10                                  
    11                                  
    12                                  	SECTION .text		; code section
    13                                  
    14                                      global _start
    15                                  
    16                                  ; Program entry point
    17                                  
    18                                      _start:
    19 00000000 BA0C000000              	mov 	edx, len
    20 00000005 B9[00000000]            	mov	ecx, msg
    21 0000000A BB01000000              	mov 	ebx, 1
    22 0000000F B804000000              	mov 	eax, 4
    23 00000014 CD80                    	int	0x80
    24                                  
    25 00000016 BB00000000              	mov	ebx, 0
    26 0000001B B801000000              	mov	eax, 1
    27 00000020 CD80                    	int	0x80
    28                                  
